Netlify Build
10:23:03 AM: ────────────────────────────────────────────────────────────────
10:23:03 AM: ​
10:23:03 AM: ❯ Version
10:23:03 AM:   @netlify/build 35.13.2
10:23:03 AM: ​
10:23:03 AM: ❯ Flags
10:23:03 AM:   accountId: 69ee2eb7e043a4099e3acf25
10:23:03 AM:   baseRelDir: true
10:23:03 AM:   buildId: 69eeeb8cb23aca0008b5de02
10:23:03 AM:   deployId: 69eeeb8cb23aca0008b5de04
10:23:03 AM:   packagePath: apps/web
10:23:03 AM: ​
10:23:03 AM: ❯ Current directory
10:23:03 AM:   /opt/build/repo
10:23:03 AM: ​
10:23:03 AM: ❯ Config file
10:23:03 AM:   /opt/build/repo/netlify.toml
10:23:03 AM: ​
10:23:03 AM: ❯ Context
10:23:03 AM:   production
10:23:03 AM: ​
10:23:03 AM: ❯ Using Next.js Runtime - v5.15.9
10:23:05 AM: No Next.js cache to restore
10:23:05 AM: ​
10:23:05 AM: build.command from netlify.toml
10:23:05 AM: ────────────────────────────────────────────────────────────────
10:23:05 AM: ​
10:23:05 AM: $ pnpm build
10:23:05 AM:  WARN  Unsupported engine: wanted: {"node":">=24"} (current: {"node":"v22.22.2","pnpm":"10.33.0"})
10:23:05 AM: > impact-circle@0.0.1 build /opt/build/repo
10:23:05 AM: > turbo build
10:23:05 AM:    • Packages in scope: @impact/db, @impact/typescript-config, @impact/ui, backend, web
10:23:05 AM:    • Running build in 5 packages
10:23:05 AM:    • Remote caching disabled
10:23:05 AM: backend:build: cache miss, executing 41c6559970e477ab
10:23:05 AM: web:build: cache miss, executing a4cac98daa7ef90d
10:23:05 AM: backend:build:
10:23:05 AM: backend:build: > backend@ build /opt/build/repo/apps/backend
10:23:05 AM: backend:build: > tsc
10:23:05 AM: backend:build:
10:23:05 AM: web:build:
10:23:05 AM: web:build: > web@0.0.1 build /opt/build/repo/apps/web
10:23:05 AM: web:build: > next build
10:23:05 AM: web:build:
10:23:06 AM: web:build: ⚠ No build cache found. Please configure build caching for faster rebuilds. Read more: https://nextjs.org/docs/messages/no-cache
10:23:06 AM: web:build: ▲ Next.js 16.2.4 (Turbopack)
10:23:06 AM: web:build:
10:23:06 AM: web:build:   Creating an optimized production build ...
10:23:12 AM: Failed during stage 'building site': Build script returned non-zero exit code: 2 (https://ntl.fyi/exit-code-2)
10:23:12 AM: backend:build: src/functions/index.ts:4:22 - error TS2307: Cannot find module './lib/auth' or its corresponding type declarations.
10:23:12 AM: backend:build:
10:23:12 AM: backend:build: 4 import { auth } from "./lib/auth";
10:23:12 AM: backend:build:                        ~~~~~~~~~~~~
10:23:12 AM: backend:build:
10:23:12 AM: backend:build: src/functions/index.ts:5:35 - error TS2307: Cannot find module './middleware/auth' or its corresponding type declarations.
10:23:12 AM: backend:build:
10:23:12 AM: backend:build: 5 import { sessionMiddleware } from "./middleware/auth";
10:23:12 AM: backend:build:                                     ~~~~~~~~~~~~~~~~~~~
10:23:12 AM: backend:build:
10:23:12 AM: backend:build: src/functions/index.ts:6:27 - error TS2307: Cannot find module './routes/ngo' or its corresponding type declarations.
10:23:12 AM: backend:build:
10:23:12 AM: backend:build: 6 import { ngoRoutes } from "./routes/ngo";
10:23:12 AM: backend:build:                             ~~~~~~~~~~~~~~
10:23:12 AM: backend:build:
10:23:12 AM: backend:build: src/functions/index.ts:7:29 - error TS2307: Cannot find module './routes/admin' or its corresponding type declarations.
10:23:12 AM: backend:build:
10:23:12 AM: backend:build: 7 import { adminRoutes } from "./routes/admin";
10:23:12 AM: backend:build:                               ~~~~~~~~~~~~~~~~
10:23:12 AM: backend:build:
10:23:12 AM: backend:build: src/functions/index.ts:8:35 - error TS2307: Cannot find module './routes/marketplace' or its corresponding type declarations.
10:23:12 AM: backend:build:
10:23:12 AM: backend:build: 8 import { marketplaceRoutes } from "./routes/marketplace";
10:23:12 AM: backend:build:                                     ~~~~~~~~~~~~~~~~~~~~~~
10:23:12 AM: backend:build:
10:23:12 AM: backend:build: src/functions/index.ts:9:31 - error TS2307: Cannot find module './routes/messages' or its corresponding type declarations.
10:23:12 AM: backend:build:
10:23:12 AM: backend:build: 9 import { messageRoutes } from "./routes/messages";
10:23:12 AM: backend:build:                                 ~~~~~~~~~~~~~~~~~~~
10:23:12 AM: backend:build:
10:23:12 AM: backend:build: src/functions/index.ts:10:38 - error TS2307: Cannot find module './routes/accountability' or its corresponding type declarations.
10:23:12 AM: backend:build:
10:23:12 AM: backend:build: 10 import { accountabilityRoutes } from "./routes/accountability";
10:23:12 AM: backend:build:                                         ~~~~~~~~~~~~~~~~~~~~~~~~~
10:23:12 AM: backend:build:
10:23:12 AM: backend:build: src/functions/index.ts:11:30 - error TS2307: Cannot find module './routes/members' or its corresponding type declarations.
10:23:12 AM: backend:build:
10:23:12 AM: backend:build: 11 import { memberRoutes } from "./routes/members";
10:23:12 AM: backend:build:                                 ~~~~~~~~~~~~~~~~~~
10:23:12 AM: backend:build:
10:23:12 AM: backend:build: src/functions/index.ts:12:47 - error TS2307: Cannot find module './middleware/error' or its corresponding type declarations.
10:23:12 AM: backend:build:
10:23:12 AM: backend:build: 12 import { errorHandler, notFoundHandler } from "./middleware/error";
10:23:12 AM: backend:build:                                                  ~~~~~~~~~~~~~~~~~~~~
10:23:12 AM: backend:build:
10:23:12 AM: backend:build:
10:23:12 AM: backend:build: Found 9 errors in the same file, starting at: src/functions/index.ts:4
10:23:12 AM: backend:build:
10:23:12 AM: backend:build:  ELIFECYCLE  Command failed with exit code 2. (https://ntl.fyi/exit-code-2)
10:23:12 AM: web:build:  ELIFECYCLE  Command failed.
10:23:12 AM:  ERROR  backend#build: command (/opt/build/repo/apps/backend) /opt/buildhome/.nvm/versions/node/v22.22.2/bin/pnpm run build exited (2)
10:23:12 AM:  Tasks:    0 successful, 2 total
10:23:12 AM: Cached:    0 cached, 2 total
10:23:12 AM:   Time:    6.851s
10:23:12 AM: Failed:    backend#build
10:23:12 AM:  ERROR  run failed: command  exited (2)
10:23:12 AM:  ELIFECYCLE  Command failed with exit code 2. (https://ntl.fyi/exit-code-2)
10:23:12 AM: ​
10:23:12 AM: "build.command" failed
10:23:12 AM: ────────────────────────────────────────────────────────────────
10:23:12 AM: ​
10:23:12 AM:   Error message
10:23:12 AM:   Command failed with exit code 2: pnpm build (https://ntl.fyi/exit-code-2)
10:23:12 AM: ​
10:23:12 AM:   Error location
10:23:12 AM:   In build.command from netlify.toml:
10:23:12 AM:   pnpm build
10:23:12 AM: ​
10:23:12 AM:   Resolved config
10:23:12 AM:   build:
10:23:12 AM:     command: pnpm build
10:23:12 AM:     commandOrigin: config
10:23:12 AM:     environment:
10:23:12 AM:       - BETTER_AUTH_SECRET
10:23:12 AM:       - BETTER_AUTH_URL
10:23:12 AM:       - DATABASE_URL
10:23:12 AM:       - FRONTEND_URL
10:23:12 AM:       - NEXT_PUBLIC_API_URL
10:23:12 AM:       - NODE_VERSION
10:23:12 AM:       - PNPM_FLAGS
10:23:12 AM:     publish: /opt/build/repo/apps/web/.next
10:23:12 AM:     publishOrigin: config
10:23:12 AM:   functions:
10:23:12 AM:     "*":
10:23:12 AM:       included_files:
10:23:12 AM:         - apps/backend/src/**
      node_bundler: esbuild
  functionsDirectory: /opt/build/repo/apps/backend/src/functions
  plugins:
    - inputs: {}
      origin: config
      package: "@netlify/plugin-nextjs"
  redirects:
    - from: /api/*
      status: 200
      to: /.netlify/functions/index
  redirectsOrigin: config
10:23:12 AM: Build failed due to a user error: Build script returned non-zero exit code: 2
10:23:12 AM: Failing build: Failed to build site
10:23:13 AM: Finished processing build request in 43.72s
